src/__tests__/Button.test.tsx(2,32): error TS2307: Cannot find module '@testing-library/react' or its corresponding type declarations.
src/__tests__/Button.test.tsx(6,1): error TS2582: Cannot find name 'describe'. Do you need to install type definitions for a test runner? Try `npm i --save-dev @types/jest` or `npm i --save-dev @types/mocha`.
src/__tests__/Button.test.tsx(7,3): error TS2582: Cannot find name 'it'. Do you need to install type definitions for a test runner? Try `npm i --save-dev @types/jest` or `npm i --save-dev @types/mocha`.
src/__tests__/Button.test.tsx(9,5): error TS2304: Cannot find name 'expect'.
src/__tests__/Button.test.tsx(12,3): error TS2582: Cannot find name 'it'. Do you need to install type definitions for a test runner? Try `npm i --save-dev @types/jest` or `npm i --save-dev @types/mocha`.
src/__tests__/Button.test.tsx(14,5): error TS2304: Cannot find name 'expect'.
src/__tests__/Button.test.tsx(17,5): error TS2304: Cannot find name 'expect'.
src/__tests__/Button.test.tsx(20,3): error TS2582: Cannot find name 'it'. Do you need to install type definitions for a test runner? Try `npm i --save-dev @types/jest` or `npm i --save-dev @types/mocha`.
src/__tests__/Button.test.tsx(22,5): error TS2304: Cannot find name 'expect'.
src/__tests__/Button.test.tsx(25,3): error TS2582: Cannot find name 'it'. Do you need to install type definitions for a test runner? Try `npm i --save-dev @types/jest` or `npm i --save-dev @types/mocha`.
src/__tests__/Button.test.tsx(26,25): error TS2304: Cannot find name 'jest'.
src/__tests__/Button.test.tsx(30,5): error TS2304: Cannot find name 'expect'.
src/__tests__/Card.test.tsx(2,32): error TS2307: Cannot find module '@testing-library/react' or its corresponding type declarations.
src/__tests__/Card.test.tsx(6,1): error TS2582: Cannot find name 'describe'. Do you need to install type definitions for a test runner? Try `npm i --save-dev @types/jest` or `npm i --save-dev @types/mocha`.
src/__tests__/Card.test.tsx(7,3): error TS2582: Cannot find name 'it'. Do you need to install type definitions for a test runner? Try `npm i --save-dev @types/jest` or `npm i --save-dev @types/mocha`.
src/__tests__/Card.test.tsx(13,5): error TS2304: Cannot find name 'expect'.
src/__tests__/Card.test.tsx(16,3): error TS2582: Cannot find name 'it'. Do you need to install type definitions for a test runner? Try `npm i --save-dev @types/jest` or `npm i --save-dev @types/mocha`.
src/__tests__/Card.test.tsx(18,5): error TS2304: Cannot find name 'expect'.
src/__tests__/Card.test.tsx(21,3): error TS2582: Cannot find name 'it'. Do you need to install type definitions for a test runner? Try `npm i --save-dev @types/jest` or `npm i --save-dev @types/mocha`.
src/__tests__/Card.test.tsx(23,5): error TS2304: Cannot find name 'expect'.
