PHPUnit 11.5.53 by Sebastian Bergmann and contributors.

Runtime:       PHP 8.2.12

......................................FFF..FF                     45 / 45 (100%)

Time: 00:42.265, Memory: 54.00 MB

There were 5 failures:

1) Tests\Feature\Api\QuestionValidationTest::test_cannot_edit_question_for_closed_exam
Failed asserting that two strings are identical.
--- Expected
+++ Actual
@@ @@
-'Cannot edit questions for a closed exam'
+'Exam is required'

C:\xampp\htdocs\CBT-System\backend\vendor\laravel\framework\src\Illuminate\Testing\AssertableJsonString.php:242
C:\xampp\htdocs\CBT-System\backend\vendor\laravel\framework\src\Illuminate\Testing\TestResponse.php:790
C:\xampp\htdocs\CBT-System\backend\tests\Feature\Api\QuestionValidationTest.php:395

2) Tests\Feature\Api\QuestionValidationTest::test_cannot_increase_marks_beyond_exam_total
Expected response status code [200] but received 422.
Failed asserting that 422 is identical to 200.

The following errors occurred during the last request:

{
    "message": "Exam is required (and 2 more errors)",
    "errors": {
        "exam_id": [
            "Exam is required"
        ],
        "question_text": [
            "Question text is required"
        ],
        "question_type": [
            "Question type is required"
        ]
    }
}

C:\xampp\htdocs\CBT-System\backend\vendor\laravel\framework\src\Illuminate\Testing\TestResponseAssert.php:45
C:\xampp\htdocs\CBT-System\backend\vendor\laravel\framework\src\Illuminate\Testing\TestResponse.php:160
C:\xampp\htdocs\CBT-System\backend\tests\Feature\Api\QuestionValidationTest.php:416

3) Tests\Feature\AuthenticationTest::user_can_login_with_valid_credentials
Expected response status code [200] but received 403.
Failed asserting that 403 is identical to 200.

C:\xampp\htdocs\CBT-System\backend\vendor\laravel\framework\src\Illuminate\Testing\TestResponseAssert.php:45
C:\xampp\htdocs\CBT-System\backend\vendor\laravel\framework\src\Illuminate\Testing\TestResponse.php:160
C:\xampp\htdocs\CBT-System\backend\tests\Feature\AuthenticationTest.php:26

4) Tests\Feature\ExamManagementTest::admin_can_create_exam
Failed asserting that an array has the key 'id'.

C:\xampp\htdocs\CBT-System\backend\vendor\laravel\framework\src\Illuminate\Testing\AssertableJsonString.php:302
C:\xampp\htdocs\CBT-System\backend\vendor\laravel\framework\src\Illuminate\Testing\TestResponse.php:912
C:\xampp\htdocs\CBT-System\backend\tests\Feature\ExamManagementTest.php:44

5) Tests\Feature\ExamManagementTest::exam_can_be_duplicated
Expected response status code [201] but received 200.
Failed asserting that 200 is identical to 201.

C:\xampp\htdocs\CBT-System\backend\vendor\laravel\framework\src\Illuminate\Testing\TestResponseAssert.php:45
C:\xampp\htdocs\CBT-System\backend\vendor\laravel\framework\src\Illuminate\Testing\TestResponse.php:160
C:\xampp\htdocs\CBT-System\backend\tests\Feature\ExamManagementTest.php:70

FAILURES!
Tests: 45, Assertions: 156, Failures: 5, PHPUnit Deprecations: 5.
